=== v35_realmlp.py 5 42 start 04:56:31
PyTorch  version: 2.14.0
Train shape: (668665, 15)
Test shape : (286571, 14)
Orig shape : (10000, 15)
X      init shape: (668665, 13)
X_test init shape: (286571, 13) 

init len(cat_cols): 6
init len(num_cols): 7 

len(new_cat_cols): 19
len(new_num_cols): 4 

prep len(cat_cols): 25
prep len(num_cols): 11 

X      prep shape: (668665, 36)
X_test prep shape: (286571, 36) 

v35_realmlp_k5_s42: 668665 rows, 36 features, device mps
  fold 0: auc 0.944953  120s
  fold 1: auc 0.945723  263s
  fold 2: auc 0.946765  390s
  fold 3: auc 0.946002  510s
  fold 4: auc 0.945988  627s
v35_realmlp_k5_s42 OOF 0.945875  folds [0.94495, 0.94572, 0.94677, 0.946, 0.94599]  627s
=== exit 05:07:05
=== v35_realmlp.py 10 42 start 05:07:05
PyTorch  version: 2.14.0
Train shape: (668665, 15)
Test shape : (286571, 14)
Orig shape : (10000, 15)
X      init shape: (668665, 13)
X_test init shape: (286571, 13) 

init len(cat_cols): 6
init len(num_cols): 7 

len(new_cat_cols): 19
len(new_num_cols): 4 

prep len(cat_cols): 25
prep len(num_cols): 11 

X      prep shape: (668665, 36)
X_test prep shape: (286571, 36) 

v35_realmlp_k10_s42: 668665 rows, 36 features, device mps
=== v35_realmlp.py 5 42 start 05:07:54
PyTorch  version: 2.14.0
Train shape: (668665, 15)
Test shape : (286571, 14)
Orig shape : (10000, 15)
X      init shape: (668665, 13)
X_test init shape: (286571, 13) 

init len(cat_cols): 6
init len(num_cols): 7 

len(new_cat_cols): 18
len(new_num_cols): 4 

prep len(cat_cols): 24
prep len(num_cols): 11 

X      prep shape: (668665, 35)
X_test prep shape: (286571, 35) 

v35_realmlp_k5_s42: 668665 rows, 35 features, device mps
  fold 0: auc 0.945055  116s
  fold 1: auc 0.945874  234s
  fold 2: auc 0.946886  348s
  fold 3: auc 0.946173  467s
  fold 4: auc 0.946078  587s
v35_realmlp_k5_s42 OOF 0.946002  folds [0.94506, 0.94587, 0.94689, 0.94617, 0.94608]  587s
=== exit 05:17:48
=== v35_realmlp.py 10 42 start 05:17:48
PyTorch  version: 2.14.0
Train shape: (668665, 15)
Test shape : (286571, 14)
Orig shape : (10000, 15)
X      init shape: (668665, 13)
X_test init shape: (286571, 13) 

init len(cat_cols): 6
init len(num_cols): 7 

len(new_cat_cols): 18
len(new_num_cols): 4 

prep len(cat_cols): 24
prep len(num_cols): 11 

X      prep shape: (668665, 35)
X_test prep shape: (286571, 35) 

v35_realmlp_k10_s42: 668665 rows, 35 features, device mps
  fold 0: auc 0.944965  128s
  fold 1: auc 0.945297  254s
  fold 2: auc 0.945522  380s
  fold 3: auc 0.946334  505s
  fold 4: auc 0.946944  630s
  fold 5: auc 0.947126  753s
  fold 6: auc 0.945850  876s
  fold 7: auc 0.946817  1005s
  fold 8: auc 0.947118  1140s
  fold 9: auc 0.945190  1278s
v35_realmlp_k10_s42 OOF 0.946108  folds [0.94496, 0.9453, 0.94552, 0.94633, 0.94694, 0.94713, 0.94585, 0.94682, 0.94712, 0.94519]  1278s
=== exit 05:39:15
=== v35_realmlp.py 10 7 start 05:39:15
PyTorch  version: 2.14.0
Train shape: (668665, 15)
Test shape : (286571, 14)
Orig shape : (10000, 15)
X      init shape: (668665, 13)
X_test init shape: (286571, 13) 

init len(cat_cols): 6
init len(num_cols): 7 

len(new_cat_cols): 18
len(new_num_cols): 4 

prep len(cat_cols): 24
prep len(num_cols): 11 

X      prep shape: (668665, 35)
X_test prep shape: (286571, 35) 

v35_realmlp_k10_s7: 668665 rows, 35 features, device mps
  fold 0: auc 0.946477  138s
  fold 1: auc 0.946285  275s
  fold 2: auc 0.945972  409s
  fold 3: auc 0.944870  543s
  fold 4: auc 0.946561  678s
  fold 5: auc 0.947977  816s
  fold 6: auc 0.944841  955s
  fold 7: auc 0.946298  1093s
  fold 8: auc 0.945614  1236s
  fold 9: auc 0.946450  1375s
v35_realmlp_k10_s7 OOF 0.946129  folds [0.94648, 0.94629, 0.94597, 0.94487, 0.94656, 0.94798, 0.94484, 0.9463, 0.94561, 0.94645]  1375s
=== exit 06:02:17
=== v35_realmlp.py 10 2026 start 06:02:17
PyTorch  version: 2.14.0
Train shape: (668665, 15)
Test shape : (286571, 14)
Orig shape : (10000, 15)
X      init shape: (668665, 13)
X_test init shape: (286571, 13) 

init len(cat_cols): 6
init len(num_cols): 7 

len(new_cat_cols): 18
len(new_num_cols): 4 

prep len(cat_cols): 24
prep len(num_cols): 11 

X      prep shape: (668665, 35)
X_test prep shape: (286571, 35) 

v35_realmlp_k10_s2026: 668665 rows, 35 features, device mps
  fold 0: auc 0.945616  136s
  fold 1: auc 0.945333  270s
  fold 2: auc 0.946007  411s
  fold 3: auc 0.944911  556s
  fold 4: auc 0.947306  707s
  fold 5: auc 0.947822  839s
  fold 6: auc 0.946891  968s
  fold 7: auc 0.945406  1107s
  fold 8: auc 0.945617  1244s
  fold 9: auc 0.946344  1379s
v35_realmlp_k10_s2026 OOF 0.946117  folds [0.94562, 0.94533, 0.94601, 0.94491, 0.94731, 0.94782, 0.94689, 0.94541, 0.94562, 0.94634]  1379s
=== exit 06:25:25
=== nn1 done
=== v35_realmlp.py 5 42 3 start 06:25:27
PyTorch  version: 2.14.0
Train shape: (668665, 15)
Test shape : (286571, 14)
Orig shape : (10000, 15)
X      init shape: (668665, 13)
X_test init shape: (286571, 13) 

init len(cat_cols): 6
init len(num_cols): 7 

len(new_cat_cols): 18
len(new_num_cols): 4 

prep len(cat_cols): 24
prep len(num_cols): 11 

X      prep shape: (668665, 35)
X_test prep shape: (286571, 35) 

v35_realmlp_k5_s42_e3: 668665 rows, 35 features, device mps
  fold 0: auc 0.945055  177s
  fold 1: auc 0.945877  356s
  fold 2: auc 0.946872  529s
  fold 3: auc 0.946238  703s
  fold 4: auc 0.946079  875s
v35_realmlp_k5_s42_e3 OOF 0.946018  folds [0.94505, 0.94588, 0.94687, 0.94624, 0.94608]  875s
=== exit 06:40:09
=== nn2 done
=== v35_realmlp.py 10 101 start 06:40:28
PyTorch  version: 2.14.0
Train shape: (668665, 15)
Test shape : (286571, 14)
Orig shape : (10000, 15)
X      init shape: (668665, 13)
X_test init shape: (286571, 13) 

init len(cat_cols): 6
init len(num_cols): 7 

len(new_cat_cols): 18
len(new_num_cols): 4 

prep len(cat_cols): 24
prep len(num_cols): 11 

X      prep shape: (668665, 35)
X_test prep shape: (286571, 35) 

v35_realmlp_k10_s101: 668665 rows, 35 features, device mps
  fold 0: auc 0.945135  134s
  fold 1: auc 0.947289  286s
  fold 2: auc 0.945871  444s
  fold 3: auc 0.944779  574s
  fold 4: auc 0.945169  703s
  fold 5: auc 0.945816  834s
  fold 6: auc 0.947760  970s
  fold 7: auc 0.946740  1112s
  fold 8: auc 0.945873  1239s
  fold 9: auc 0.947190  1366s
v35_realmlp_k10_s101 OOF 0.946154  folds [0.94514, 0.94729, 0.94587, 0.94478, 0.94517, 0.94582, 0.94776, 0.94674, 0.94587, 0.94719]  1367s
=== exit 07:03:21
=== v35_realmlp.py 10 202 start 07:03:21
PyTorch  version: 2.14.0
Train shape: (668665, 15)
Test shape : (286571, 14)
Orig shape : (10000, 15)
X      init shape: (668665, 13)
X_test init shape: (286571, 13) 

init len(cat_cols): 6
init len(num_cols): 7 

len(new_cat_cols): 18
len(new_num_cols): 4 

prep len(cat_cols): 24
prep len(num_cols): 11 

X      prep shape: (668665, 35)
X_test prep shape: (286571, 35) 

v35_realmlp_k10_s202: 668665 rows, 35 features, device mps
  fold 0: auc 0.946378  125s
  fold 1: auc 0.945207  249s
  fold 2: auc 0.945866  367s
  fold 3: auc 0.946701  497s
  fold 4: auc 0.946109  629s
  fold 5: auc 0.947115  758s
  fold 6: auc 0.946209  883s
  fold 7: auc 0.945380  1009s
  fold 8: auc 0.946356  1135s
  fold 9: auc 0.946205  1259s
v35_realmlp_k10_s202 OOF 0.946139  folds [0.94638, 0.94521, 0.94587, 0.9467, 0.94611, 0.94712, 0.94621, 0.94538, 0.94636, 0.9462]  1259s
=== exit 07:24:27
=== nn3 done
=== v35_realmlp.py 10 303 start 07:57:54
PyTorch  version: 2.14.0
Train shape: (668665, 15)
Test shape : (286571, 14)
Orig shape : (10000, 15)
X      init shape: (668665, 13)
X_test init shape: (286571, 13) 

init len(cat_cols): 6
init len(num_cols): 7 

len(new_cat_cols): 18
len(new_num_cols): 4 

prep len(cat_cols): 24
prep len(num_cols): 11 

X      prep shape: (668665, 35)
X_test prep shape: (286571, 35) 

v35_realmlp_k10_s303: 668665 rows, 35 features, device mps
  fold 0: auc 0.944294  126s
  fold 1: auc 0.946675  250s
  fold 2: auc 0.946034  372s
  fold 3: auc 0.947099  495s
  fold 4: auc 0.945443  621s
  fold 5: auc 0.946237  747s
  fold 6: auc 0.947627  875s
  fold 7: auc 0.946062  999s
  fold 8: auc 0.947024  1122s
  fold 9: auc 0.944812  1246s
v35_realmlp_k10_s303 OOF 0.946120  folds [0.94429, 0.94667, 0.94603, 0.9471, 0.94544, 0.94624, 0.94763, 0.94606, 0.94702, 0.94481]  1246s
=== exit 08:18:46
=== v35_realmlp.py 10 404 start 08:18:46
PyTorch  version: 2.14.0
Train shape: (668665, 15)
Test shape : (286571, 14)
Orig shape : (10000, 15)
X      init shape: (668665, 13)
X_test init shape: (286571, 13) 

init len(cat_cols): 6
init len(num_cols): 7 

len(new_cat_cols): 18
len(new_num_cols): 4 

prep len(cat_cols): 24
prep len(num_cols): 11 

X      prep shape: (668665, 35)
X_test prep shape: (286571, 35) 

v35_realmlp_k10_s404: 668665 rows, 35 features, device mps
  fold 0: auc 0.945918  123s
  fold 1: auc 0.946302  247s
  fold 2: auc 0.946250  374s
  fold 3: auc 0.944733  497s
  fold 4: auc 0.947062  620s
  fold 5: auc 0.945855  747s
  fold 6: auc 0.946239  872s
  fold 7: auc 0.946096  995s
  fold 8: auc 0.946355  1118s
  fold 9: auc 0.946560  1242s
v35_realmlp_k10_s404 OOF 0.946129  folds [0.94592, 0.9463, 0.94625, 0.94473, 0.94706, 0.94585, 0.94624, 0.9461, 0.94635, 0.94656]  1242s
=== exit 08:39:35
=== nn4 done
=== v36_tabm.py 5 42 start 08:15:54
  d_in 429 (14 num x 16 + cat dims [2, 2, 2, 2, 2, 2, 16, 14, 5, 5, 7, 10, 2, 5, 3, 2, 16, 16, 16, 16, 16, 16, 12, 16])  params 1.56M
=== exit 09:26:06
=== v36_tabm_k5_s42 oof_auc below 0.9459 gate, skipping 10-fold 09:26:06
=== v35_realmlp.py 20 42 start 09:26:06
PyTorch  version: 2.14.0
Train shape: (668665, 15)
Test shape : (286571, 14)
Orig shape : (10000, 15)
X      init shape: (668665, 13)
X_test init shape: (286571, 13) 

init len(cat_cols): 6
init len(num_cols): 7 

len(new_cat_cols): 18
len(new_num_cols): 4 

prep len(cat_cols): 24
prep len(num_cols): 11 

X      prep shape: (668665, 35)
X_test prep shape: (286571, 35) 

v35_realmlp_k20_s42: 668665 rows, 35 features, device mps
=== exit 09:26:15
=== nn5 done
=== v35_realmlp.py 10 42 2 k_inc100 start 09:26:38
PyTorch  version: 2.14.0
Train shape: (668665, 15)
Test shape : (286571, 14)
Orig shape : (10000, 15)
X      init shape: (668665, 13)
X_test init shape: (286571, 13) 

init len(cat_cols): 6
init len(num_cols): 7 

len(new_cat_cols): 18
len(new_num_cols): 4 

prep len(cat_cols): 24
prep len(num_cols): 11 

X      prep shape: (668665, 35)
X_test prep shape: (286571, 35) 

v35_realmlp_k10_s42_initinc100: 668665 rows, 35 features, device mps, init from k_inc100_teauto
=== exit 09:26:59
=== realmlp_init100 below gate
=== tabm below gate / missing
=== nn6 done
=== v35_realmlp.py 10 42 2 k_inc100 start 16:34:38
PyTorch  version: 2.14.0
Train shape: (668665, 15)
Test shape : (286571, 14)
Orig shape : (10000, 15)
X      init shape: (668665, 13)
X_test init shape: (286571, 13) 

init len(cat_cols): 6
init len(num_cols): 7 

len(new_cat_cols): 18
len(new_num_cols): 4 

prep len(cat_cols): 24
prep len(num_cols): 11 

X      prep shape: (668665, 35)
X_test prep shape: (286571, 35) 

v35_realmlp_k10_s42_initinc100: 668665 rows, 35 features, device mps, init from k_inc100_teauto
