v34_init_inc100_k20_s42: v27 ref OOF nan  features 65  init from k_inc100_teauto
  fold 0: auc 0.945728  (init alone 0.698729)  trees 1620  66s
  fold 1: auc 0.944744  (init alone 0.708268)  trees 1096  126s
  fold 2: auc 0.944084  (init alone 0.706581)  trees 1302  189s
  fold 3: auc 0.946830  (init alone 0.702517)  trees 1086  248s
  fold 4: auc 0.944542  (init alone 0.706981)  trees 1225  309s
  fold 5: auc 0.947023  (init alone 0.705350)  trees 1355  384s
  fold 6: auc 0.946304  (init alone 0.703733)  trees 1873  486s
  fold 7: auc 0.946417  (init alone 0.704896)  trees 1137  579s
  fold 8: auc 0.947488  (init alone 0.708097)  trees 1867  688s
  fold 9: auc 0.946433  (init alone 0.701904)  trees 1540  768s
  fold 10: auc 0.946946  (init alone 0.696056)  trees 1792  855s
  fold 11: auc 0.947743  (init alone 0.708389)  trees 1009  911s
  fold 12: auc 0.946103  (init alone 0.699660)  trees 691  954s
  fold 13: auc 0.946384  (init alone 0.707979)  trees 1505  1026s
  fold 14: auc 0.948327  (init alone 0.706807)  trees 1105  1073s
  fold 15: auc 0.945851  (init alone 0.706902)  trees 1637  1133s
  fold 16: auc 0.946112  (init alone 0.707097)  trees 1640  1195s
  fold 17: auc 0.948698  (init alone 0.706165)  trees 1667  1256s
  fold 18: auc 0.946204  (init alone 0.696424)  trees 1182  1309s
  fold 19: auc 0.944478  (init alone 0.699640)  trees 1478  1377s
v34_init_inc100_k20_s42 OOF 0.946314  (fold-ranked 0.946322)  Δ vs v27 +nan  iters [1620, 1096, 1302, 1086, 1225, 1355, 1873, 1137, 1867, 1540, 1792, 1009, 691, 1505, 1105, 1637, 1640, 1667, 1182, 1478]  1377s
v34_init_inc100_k20_s7: v27 ref OOF nan  features 65  init from k_inc100_teauto
  fold 0: auc 0.947196  (init alone 0.705951)  trees 1701  82s
  fold 1: auc 0.946191  (init alone 0.700537)  trees 1416  148s
  fold 2: auc 0.946820  (init alone 0.708049)  trees 1395  217s
  fold 3: auc 0.945907  (init alone 0.701219)  trees 1079  278s
  fold 4: auc 0.946955  (init alone 0.701647)  trees 1653  364s
  fold 5: auc 0.945299  (init alone 0.705767)  trees 1143  437s
  fold 6: auc 0.945732  (init alone 0.705153)  trees 2009  557s
  fold 7: auc 0.944339  (init alone 0.703796)  trees 1427  640s
  fold 8: auc 0.948036  (init alone 0.710479)  trees 921  709s
  fold 9: auc 0.945320  (init alone 0.706805)  trees 1546  799s
  fold 10: auc 0.948967  (init alone 0.707093)  trees 1046  862s
  fold 11: auc 0.947538  (init alone 0.702757)  trees 1377  927s
  fold 12: auc 0.945115  (init alone 0.706731)  trees 963  987s
  fold 13: auc 0.944868  (init alone 0.700304)  trees 1126  1051s
  fold 14: auc 0.946076  (init alone 0.702140)  trees 1166  1123s
  fold 15: auc 0.946963  (init alone 0.697934)  trees 1322  1196s
  fold 16: auc 0.945198  (init alone 0.701475)  trees 2024  1291s
  fold 17: auc 0.946910  (init alone 0.705590)  trees 1779  1379s
  fold 18: auc 0.947382  (init alone 0.704636)  trees 1175  1443s
  fold 19: auc 0.945648  (init alone 0.701982)  trees 1563  1516s
v34_init_inc100_k20_s7 OOF 0.946315  (fold-ranked 0.946323)  Δ vs v27 +nan  iters [1701, 1416, 1395, 1079, 1653, 1143, 2009, 1427, 921, 1546, 1046, 1377, 963, 1126, 1166, 1322, 2024, 1779, 1175, 1563]  1516s
v32_additive_k10_s42: v27 ref OOF 0.946240  features 65  (4s)
  fold 0: auc 0.944864  trees 2881  125s
  fold 1: auc 0.944907  trees 3009  253s
  fold 2: auc 0.945346  trees 2582  366s
  fold 3: auc 0.946032  trees 3245  481s
  fold 4: auc 0.946647  trees 3601  608s
  fold 5: auc 0.946943  trees 3734  734s
  fold 6: auc 0.945799  trees 1927  814s
  fold 7: auc 0.946709  trees 3230  926s
  fold 8: auc 0.947068  trees 2974  1040s
  fold 9: auc 0.944900  trees 3402  1144s
v32_additive_k10_s42 OOF 0.945920  (fold-ranked 0.945921)  Δ vs v27 -0.000320  iters [2881, 3009, 2582, 3245, 3601, 3734, 1927, 3230, 2974, 3402]  1144s
v34_init_inc100_xgb_k10_s42: v27 ref OOF 0.946240  features 65  init from k_inc100_teauto  learner XGB
  fold 0: auc 0.945263  (init alone 0.703530)  trees 1269  89s
  fold 1: auc 0.945437  (init alone 0.704482)  trees 1402  175s
  fold 2: auc 0.945693  (init alone 0.706076)  trees 1542  240s
  fold 3: auc 0.946309  (init alone 0.704224)  trees 1753  307s
  fold 4: auc 0.946926  (init alone 0.704853)  trees 1448  367s
  fold 5: auc 0.947220  (init alone 0.702098)  trees 1766  433s
  fold 6: auc 0.946182  (init alone 0.703661)  trees 901  477s
  fold 7: auc 0.947031  (init alone 0.706663)  trees 1586  538s
  fold 8: auc 0.947237  (init alone 0.706575)  trees 1880  610s
  fold 9: auc 0.945302  (init alone 0.697954)  trees 1327  674s
v34_init_inc100_xgb_k10_s42 OOF 0.946255  (fold-ranked 0.946260)  Δ vs v27 +0.000015  iters [1269, 1402, 1542, 1753, 1448, 1766, 901, 1586, 1880, 1327]  674s
v34_init_km_int_k10_s42: v27 ref OOF 0.946240  features 65  init from k_km_int_teauto
v34_init_inc100pkm_int_k10_s42: v27 ref OOF 0.946240  features 65  init from k_inc100+k_km_int_teauto
  fold 0: auc 0.945267  (init alone 0.714515)  trees 1289  50s
  fold 1: auc 0.945468  (init alone 0.714394)  trees 1287  98s
  fold 2: auc 0.945734  (init alone 0.716159)  trees 1402  143s
  fold 3: auc 0.946344  (init alone 0.714504)  trees 1909  195s
  fold 4: auc 0.946997  (init alone 0.714988)  trees 1616  241s
  fold 5: auc 0.947276  (init alone 0.711671)  trees 1216  280s
  fold 6: auc 0.946133  (init alone 0.714132)  trees 1069  316s
  fold 7: auc 0.947090  (init alone 0.715679)  trees 1572  362s
  fold 8: auc 0.947318  (init alone 0.717189)  trees 1145  403s
  fold 9: auc 0.945359  (init alone 0.709723)  trees 1087  443s
v34_init_inc100pkm_int_k10_s42 OOF 0.946293  (fold-ranked 0.946299)  Δ vs v27 +0.000053  iters [1289, 1287, 1402, 1909, 1616, 1216, 1069, 1572, 1145, 1087]  443s
v32_additive_initinc100_k10_s42: v27 ref OOF 0.946240  features 65  (4s)
  fold 0: auc 0.944656  trees 2949  64s
  fold 1: auc 0.944669  trees 2985  125s
  fold 2: auc 0.945145  trees 3488  194s
  fold 3: auc 0.945878  trees 3631  264s
  fold 4: auc 0.946548  trees 4597  350s
  fold 5: auc 0.946810  trees 4135  428s
  fold 6: auc 0.945630  trees 2420  480s
  fold 7: auc 0.946521  trees 3041  542s
  fold 8: auc 0.946899  trees 3281  607s
  fold 9: auc 0.944796  trees 3531  677s
v32_additive_initinc100_k10_s42 OOF 0.945754  (fold-ranked 0.945755)  Δ vs v27 -0.000486  iters [2949, 2985, 3488, 3631, 4597, 4135, 2420, 3041, 3281, 3531]  677s
refit_full init100: 668665 fit rows, 286571 test rows, seeds [42, 7, 2026, 101, 202, 303, 404, 505]  (11s)
  seed 42: n_trees 1267 (from submissions/v34_init_inc100_k10_s42.json)  fit done  33s
  wrote submissions/refit_init100_s42.csv  33s
  seed 7: n_trees 1352 (from submissions/v34_init_inc100_k10_s7.json)  fit done  56s
  wrote submissions/refit_init100_s7.csv  57s
  seed 2026: n_trees 1390 (from submissions/v34_init_inc100_k10_s2026.json)  fit done  81s
  wrote submissions/refit_init100_s2026.csv  81s
  seed 101: n_trees 1387 (from submissions/v34_init_inc100_k10_s101.json)  fit done  105s
  wrote submissions/refit_init100_s101.csv  105s
  seed 202: n_trees 1452 (from submissions/v34_init_inc100_k10_s202.json)  fit done  130s
  wrote submissions/refit_init100_s202.csv  130s
  seed 303: n_trees 1271 (from submissions/v34_init_inc100_k10_s303.json)  fit done  152s
  wrote submissions/refit_init100_s303.csv  152s
  seed 404: n_trees 1408 (from submissions/v34_init_inc100_k10_s404.json)  fit done  176s
  wrote submissions/refit_init100_s404.csv  177s
  seed 505: n_trees 1417 (from submissions/v34_init_inc100_k10_s505.json)  fit done  201s
  wrote submissions/refit_init100_s505.csv  201s
  hybrid      1 seed(s)  OOF 0.946153
  hybrid10    8 seed(s)  OOF 0.946379
  hybrid_pseudo 1 seed(s)  OOF 0.946169
  hybrid_m1   1 seed(s)  OOF 0.946149
  hybrid_m1_pseudo 1 seed(s)  OOF 0.946173
  hybrid_cat  1 seed(s)  OOF 0.945967
  hybrid_xgb  1 seed(s)  OOF 0.946125
  hybrid_nn   1 seed(s)  OOF 0.945353
  naji_pc     3 seed(s)  OOF 0.946085
  naji_clean  3 seed(s)  OOF 0.946068
  catboost    1 seed(s)  OOF 0.945544
  nn          3 seed(s)  OOF 0.945476
  pub_megayak10 1 seed(s)  OOF 0.946264
  pub_naji_v3 1 seed(s)  OOF 0.946064
  pub_sergey  1 seed(s)  OOF 0.945329
  pub_realmlp 1 seed(s)  OOF 0.945871
  pub_naji_01blend 1 seed(s)  OOF 0.946185
  pub_mega_A  1 seed(s)  OOF 0.946264
  pub_mega_B  1 seed(s)  OOF 0.946258
  pub_mega_C  1 seed(s)  OOF 0.946223
  pub_mega_D  1 seed(s)  OOF 0.946077
  pub_realmlp2 1 seed(s)  OOF 0.946010
  pub_naji_xgb 1 seed(s)  OOF 0.946243
  pub_mega6_E 1 seed(s)  OOF 0.946230
  pub_mega6_F 1 seed(s)  OOF 0.946134
  pub_mega6_G 1 seed(s)  OOF 0.946182
  pub_naji_v5 1 seed(s)  OOF 0.946170
  pub_naji_v6 1 seed(s)  OOF 0.946068
  viewC       1 seed(s)  OOF 0.946217
  viewD       5 seed(s)  OOF 0.946215
  viewE       1 seed(s)  OOF 0.946007
  viewF       1 seed(s)  OOF 0.946052
  viewD_xgb   1 seed(s)  OOF 0.946058
  viewD_init50 3 seed(s)  OOF 0.946206
  viewC_init100 1 seed(s)  OOF 0.946270
  viewD_init500 1 seed(s)  OOF 0.946095
  viewC_xgb   1 seed(s)  OOF 0.946224
  init        5 seed(s)  OOF 0.946352
  realmlp_own 1 seed(s)  OOF 0.946002
  realmlp_e3  1 seed(s)  OOF 0.946018
  realmlp_own10 7 seed(s)  OOF 0.946253
  init_drop: no OOF files yet, skipped
  init1000    1 seed(s)  OOF 0.946268
  init100     8 seed(s)  OOF 0.946396
  rank        1 seed(s)  OOF 0.945846
  linear      1 seed(s)  OOF 0.945911
  extra       1 seed(s)  OOF 0.946109
  m1          1 seed(s)  OOF 0.945832
  slow        1 seed(s)  OOF 0.945784
  v6b         1 seed(s)  OOF 0.945746
  xgb         1 seed(s)  OOF 0.945522
  init100_k20 2 seed(s)  OOF 0.946376
  additive    1 seed(s)  OOF 0.945920
  additive_init100 1 seed(s)  OOF 0.945754
  init100_xgb 1 seed(s)  OOF 0.946255
  init_km: no OOF files yet, skipped
  init_combo  1 seed(s)  OOF 0.946293
  tabm: no OOF files yet, skipped
  tabm5       1 seed(s)  OOF 0.945231
  realmlp_k20: no OOF files yet, skipped
  pub_legtarrr_v19 1 seed(s)  OOF 0.945961
  init100_wide: no OOF files yet, skipped
  init100_col5: no OOF files yet, skipped
  init100_slow: no OOF files yet, skipped
  mono_init100: no OOF files yet, skipped
  agg_init100: no OOF files yet, skipped
  realmlp_init100: no OOF files yet, skipped
  pass 0: 0.946497
  pass 1: 0.946508
  pass 2: 0.946509
  pass 3: 0.946510
blend OOF 0.946510  weights {'hybrid': np.float64(0.0), 'hybrid10': np.float64(0.0), 'hybrid_pseudo': np.float64(0.0), 'hybrid_m1': np.float64(0.0), 'hybrid_m1_pseudo': np.float64(0.0), 'hybrid_cat': np.float64(0.0), 'hybrid_xgb': np.float64(0.0), 'hybrid_nn': np.float64(0.0), 'naji_pc': np.float64(0.0), 'naji_clean': np.float64(0.0), 'catboost': np.float64(0.0), 'nn': np.float64(0.0), 'pub_megayak10': np.float64(0.0), 'pub_naji_v3': np.float64(0.0), 'pub_sergey': np.float64(0.0), 'pub_realmlp': np.float64(0.0), 'pub_naji_01blend': np.float64(0.111), 'pub_mega_A': np.float64(0.0), 'pub_mega_B': np.float64(0.0), 'pub_mega_C': np.float64(0.0), 'pub_mega_D': np.float64(0.0), 'pub_realmlp2': np.float64(0.0), 'pub_naji_xgb': np.float64(0.02), 'pub_mega6_E': np.float64(0.0), 'pub_mega6_F': np.float64(0.0), 'pub_mega6_G': np.float64(0.0), 'pub_naji_v5': np.float64(0.0), 'pub_naji_v6': np.float64(0.0), 'viewC': np.float64(0.0), 'viewD': np.float64(0.0), 'viewE': np.float64(0.0), 'viewF': np.float64(0.0), 'viewD_xgb': np.float64(0.0), 'viewD_init50': np.float64(0.167), 'viewC_init100': np.float64(0.05), 'viewD_init500': np.float64(0.0), 'viewC_xgb': np.float64(0.0), 'init': np.float64(0.097), 'realmlp_own': np.float64(0.0), 'realmlp_e3': np.float64(0.0), 'realmlp_own10': np.float64(0.209), 'init1000': np.float64(0.0), 'init100': np.float64(0.05), 'rank': np.float64(0.0), 'linear': np.float64(0.0), 'extra': np.float64(0.0), 'm1': np.float64(0.0), 'slow': np.float64(0.0), 'v6b': np.float64(0.0), 'xgb': np.float64(0.0), 'init100_k20': np.float64(0.208), 'additive': np.float64(0.0), 'additive_init100': np.float64(0.0), 'init100_xgb': np.float64(0.0), 'init_combo': np.float64(0.0), 'tabm5': np.float64(0.0), 'pub_legtarrr_v19': np.float64(0.088)}  best group 0.946396
wrote submissions/blend_v25.csv
