v29_hybrid_cat_s42_k10: v27 ref OOF 0.946153  features 68
  fold 0: auc 0.945099  iters 249  77s
  fold 1: auc 0.945231  iters 316  161s
  fold 2: auc 0.945310  iters 258  231s
  fold 3: auc 0.945927  iters 248  298s
  fold 4: auc 0.946597  iters 262  367s
  fold 5: auc 0.946985  iters 325  461s
  fold 6: auc 0.945934  iters 262  533s
  fold 7: auc 0.946725  iters 264  606s
  fold 8: auc 0.946934  iters 307  687s
  fold 9: auc 0.944971  iters 370  778s
v29_hybrid_cat_s42_k10 OOF 0.945967  Δ vs v27 -0.000186  iters [249, 316, 258, 248, 262, 325, 262, 264, 307, 370]  778s
v30_hybrid_xgb_s42_k10: v27 ref OOF 0.946153  features 65
  fold 0: auc 0.945117  iters 561  30s
  fold 1: auc 0.945266  iters 587  55s
  fold 2: auc 0.945566  iters 641  82s
  fold 3: auc 0.946240  iters 707  110s
  fold 4: auc 0.946635  iters 853  141s
  fold 5: auc 0.947163  iters 627  168s
  fold 6: auc 0.945985  iters 492  191s
  fold 7: auc 0.946897  iters 613  216s
  fold 8: auc 0.947225  iters 595  242s
  fold 9: auc 0.945192  iters 626  268s
v30_hybrid_xgb_s42_k10 OOF 0.946125  Δ vs v27 -0.000028  iters [561, 587, 641, 707, 853, 627, 492, 613, 595, 626]  269s
