base blend_v27fr_nov19 OOF 0.946522
engine                         AUC      rho     w       gain
ak_histgbm                0.946148  0.99683  0.00  +0.000000
bl_blamerx                0.946208  0.99695  0.08  +0.000002
bx_medvax_blamerx         0.946312  0.99824  0.08  +0.000001
dl_cat                    0.945598  0.99409  0.00  +0.000000
dl_lgb                    0.945616  0.99495  0.00  +0.000000
dl_xgb                    0.944984  0.98829  0.00  +0.000000
ev_xgb                    0.946070  0.99619  0.00  +0.000000
fx_A1_najiama_xgb         0.946321  0.99829  0.04  +0.000000
fx_A2_najiama_lgbm        0.946291  0.99829  0.00  +0.000000
fx_C1_chinzo_lgbm         0.946342  0.99853  0.04  +0.000001
fx_C2_chinzo_catboost     0.946276  0.99784  0.02  +0.000000
fx_C3_chinzo_linear       0.945678  0.99644  0.00  +0.000000
fx_D_megayak_liftwin      0.946309  0.99833  0.00  +0.000000
fx_E_bulsah_mrte          0.946291  0.99853  0.00  +0.000000
fx_M_realmlp_teview       0.946196  0.99787  0.00  +0.000000
fx_N2_realmlp_e4          0.946154  0.99546  0.00  +0.000000
fx_N3_realmlp_wide        0.946181  0.99626  0.00  +0.000000
fx_N_realmlp              0.946192  0.99741  0.00  +0.000000
fx_fusion                 0.946423  0.99902  0.00  +0.000000
gl_a                      0.943742  0.98745  0.00  +0.000000
gl_a_lgbm                 0.941603  0.98011  0.00  +0.000000
gl_b                      0.941447  0.98180  0.00  +0.000000
gl_b_lgbm_deep            0.940907  0.98041  0.00  +0.000000
gl_c                      0.941177  0.98018  0.00  +0.000000
gl_c_xgb                  0.941368  0.98048  0.00  +0.000000
gl_d                      0.941612  0.98150  0.00  +0.000000
gl_d_catboost             0.941672  0.98161  0.00  +0.000000
gl_e                      0.938387  0.96986  0.00  +0.000000
gl_e_histgb               0.941342  0.97976  0.00  +0.000000
gl_f                      0.939176  0.97517  0.00  +0.000000
gl_f_lgbm_te              0.941326  0.97819  0.00  +0.000000
gl_g                      0.938105  0.96669  0.00  +0.000000
gl_g_mlp                  0.938375  0.96978  0.00  +0.000000
gl_h                      0.944507  0.98561  0.00  +0.000000
gl_h_spline_gam           0.939913  0.97840  0.00  +0.000000
gl_i                      0.944407  0.98592  0.00  +0.000000
gl_i_extratrees           0.938330  0.96568  0.00  +0.000000
gl_j_logreg               0.938094  0.97153  0.00  +0.000000
hj_xgb                    0.946309  0.99687  0.18  +0.000010
kr_lgb                    0.945832  0.99549  0.00  +0.000000
mm_memory                 0.946030  0.99783  0.00  +0.000000
mz_lgb_comp               0.946099  0.99785  0.00  +0.000000
mz_lgb_tfe                0.945102  0.99119  0.00  +0.000000
nj_catboost               0.946099  0.99754  0.00  +0.000000
tm_cat_native             0.945322  0.98844  0.00  +0.000000
tm_conditional_moe        0.941135  0.97540  0.00  +0.000000
tm_ft_transformer         0.941060  0.97804  0.00  +0.000000
tm_gated_crossnet         0.940905  0.97384  0.00  +0.000000
tm_hirge                  0.942010  0.98059  0.00  +0.000000
tm_lgb_raw                0.942920  0.98564  0.00  +0.000000
tm_lgb_te                 0.942558  0.97685  0.00  +0.000000
tm_offset_residual        0.941794  0.97786  0.00  +0.000000
tm_tabm_lite              0.941117  0.97812  0.00  +0.000000
tm_tabm_te                0.941783  0.98092  0.00  +0.000000
tm_xgb_freq               0.944470  0.98620  0.00  +0.000000
tm_xgb_te                 0.943856  0.98717  0.00  +0.000000
yk_realmlp_ptk            0.946065  0.99728  0.00  +0.000000

greedy forward (in-sample / nested):
  +hj_xgb                 w 0.18  in 0.946532 (+0.000010)  nested 0.946532 (+0.000010)
  +bl_blamerx             w 0.04  in 0.946533 (+0.000001)  nested 0.946531 (-0.000000)
