/Users/lionelweng/Documents/Citadel/Active/Kaggle S6E9/.venv/lib/python3.12/site-packages/sklearn/preprocessing/_target_encoder.py:341: FutureWarning: `TargetEncoder.shuffle` and `TargetEncoder.random_state` are deprecated in version 1.9 and will be removed in version 1.11. Pass a cross-validation generator as `cv` argument to specify the shuffling behaviour instead.
  warnings.warn(
/Users/lionelweng/Documents/Citadel/Active/Kaggle S6E9/.venv/lib/python3.12/site-packages/sklearn/preprocessing/_target_encoder.py:341: FutureWarning: `TargetEncoder.shuffle` and `TargetEncoder.random_state` are deprecated in version 1.9 and will be removed in version 1.11. Pass a cross-validation generator as `cv` argument to specify the shuffling behaviour instead.
  warnings.warn(
/Users/lionelweng/Documents/Citadel/Active/Kaggle S6E9/.venv/lib/python3.12/site-packages/sklearn/preprocessing/_target_encoder.py:341: FutureWarning: `TargetEncoder.shuffle` and `TargetEncoder.random_state` are deprecated in version 1.9 and will be removed in version 1.11. Pass a cross-validation generator as `cv` argument to specify the shuffling behaviour instead.
  warnings.warn(
/Users/lionelweng/Documents/Citadel/Active/Kaggle S6E9/.venv/lib/python3.12/site-packages/lightgbm/sklearn.py:1106: LGBMDeprecationWarning: The argument 'eval_set' is deprecated, use 'eval_X' and 'eval_y' instead.
  eval_set = _validate_eval_set_Xy(eval_set=eval_set, eval_X=eval_X, eval_y=eval_y)
  fold 0: trees 1301  36s
/Users/lionelweng/Documents/Citadel/Active/Kaggle S6E9/.venv/lib/python3.12/site-packages/sklearn/preprocessing/_target_encoder.py:341: FutureWarning: `TargetEncoder.shuffle` and `TargetEncoder.random_state` are deprecated in version 1.9 and will be removed in version 1.11. Pass a cross-validation generator as `cv` argument to specify the shuffling behaviour instead.
  warnings.warn(
/Users/lionelweng/Documents/Citadel/Active/Kaggle S6E9/.venv/lib/python3.12/site-packages/sklearn/preprocessing/_target_encoder.py:341: FutureWarning: `TargetEncoder.shuffle` and `TargetEncoder.random_state` are deprecated in version 1.9 and will be removed in version 1.11. Pass a cross-validation generator as `cv` argument to specify the shuffling behaviour instead.
  warnings.warn(
/Users/lionelweng/Documents/Citadel/Active/Kaggle S6E9/.venv/lib/python3.12/site-packages/sklearn/preprocessing/_target_encoder.py:341: FutureWarning: `TargetEncoder.shuffle` and `TargetEncoder.random_state` are deprecated in version 1.9 and will be removed in version 1.11. Pass a cross-validation generator as `cv` argument to specify the shuffling behaviour instead.
  warnings.warn(
/Users/lionelweng/Documents/Citadel/Active/Kaggle S6E9/.venv/lib/python3.12/site-packages/lightgbm/sklearn.py:1106: LGBMDeprecationWarning: The argument 'eval_set' is deprecated, use 'eval_X' and 'eval_y' instead.
  eval_set = _validate_eval_set_Xy(eval_set=eval_set, eval_X=eval_X, eval_y=eval_y)
  fold 1: trees 1122  67s
/Users/lionelweng/Documents/Citadel/Active/Kaggle S6E9/.venv/lib/python3.12/site-packages/sklearn/preprocessing/_target_encoder.py:341: FutureWarning: `TargetEncoder.shuffle` and `TargetEncoder.random_state` are deprecated in version 1.9 and will be removed in version 1.11. Pass a cross-validation generator as `cv` argument to specify the shuffling behaviour instead.
  warnings.warn(
/Users/lionelweng/Documents/Citadel/Active/Kaggle S6E9/.venv/lib/python3.12/site-packages/sklearn/preprocessing/_target_encoder.py:341: FutureWarning: `TargetEncoder.shuffle` and `TargetEncoder.random_state` are deprecated in version 1.9 and will be removed in version 1.11. Pass a cross-validation generator as `cv` argument to specify the shuffling behaviour instead.
  warnings.warn(
/Users/lionelweng/Documents/Citadel/Active/Kaggle S6E9/.venv/lib/python3.12/site-packages/sklearn/preprocessing/_target_encoder.py:341: FutureWarning: `TargetEncoder.shuffle` and `TargetEncoder.random_state` are deprecated in version 1.9 and will be removed in version 1.11. Pass a cross-validation generator as `cv` argument to specify the shuffling behaviour instead.
  warnings.warn(
/Users/lionelweng/Documents/Citadel/Active/Kaggle S6E9/.venv/lib/python3.12/site-packages/lightgbm/sklearn.py:1106: LGBMDeprecationWarning: The argument 'eval_set' is deprecated, use 'eval_X' and 'eval_y' instead.
  eval_set = _validate_eval_set_Xy(eval_set=eval_set, eval_X=eval_X, eval_y=eval_y)
  fold 2: trees 1326  102s
/Users/lionelweng/Documents/Citadel/Active/Kaggle S6E9/.venv/lib/python3.12/site-packages/sklearn/preprocessing/_target_encoder.py:341: FutureWarning: `TargetEncoder.shuffle` and `TargetEncoder.random_state` are deprecated in version 1.9 and will be removed in version 1.11. Pass a cross-validation generator as `cv` argument to specify the shuffling behaviour instead.
  warnings.warn(
/Users/lionelweng/Documents/Citadel/Active/Kaggle S6E9/.venv/lib/python3.12/site-packages/sklearn/preprocessing/_target_encoder.py:341: FutureWarning: `TargetEncoder.shuffle` and `TargetEncoder.random_state` are deprecated in version 1.9 and will be removed in version 1.11. Pass a cross-validation generator as `cv` argument to specify the shuffling behaviour instead.
  warnings.warn(
/Users/lionelweng/Documents/Citadel/Active/Kaggle S6E9/.venv/lib/python3.12/site-packages/sklearn/preprocessing/_target_encoder.py:341: FutureWarning: `TargetEncoder.shuffle` and `TargetEncoder.random_state` are deprecated in version 1.9 and will be removed in version 1.11. Pass a cross-validation generator as `cv` argument to specify the shuffling behaviour instead.
  warnings.warn(
/Users/lionelweng/Documents/Citadel/Active/Kaggle S6E9/.venv/lib/python3.12/site-packages/lightgbm/sklearn.py:1106: LGBMDeprecationWarning: The argument 'eval_set' is deprecated, use 'eval_X' and 'eval_y' instead.
  eval_set = _validate_eval_set_Xy(eval_set=eval_set, eval_X=eval_X, eval_y=eval_y)
  fold 3: trees 990  133s
/Users/lionelweng/Documents/Citadel/Active/Kaggle S6E9/.venv/lib/python3.12/site-packages/sklearn/preprocessing/_target_encoder.py:341: FutureWarning: `TargetEncoder.shuffle` and `TargetEncoder.random_state` are deprecated in version 1.9 and will be removed in version 1.11. Pass a cross-validation generator as `cv` argument to specify the shuffling behaviour instead.
  warnings.warn(
/Users/lionelweng/Documents/Citadel/Active/Kaggle S6E9/.venv/lib/python3.12/site-packages/sklearn/preprocessing/_target_encoder.py:341: FutureWarning: `TargetEncoder.shuffle` and `TargetEncoder.random_state` are deprecated in version 1.9 and will be removed in version 1.11. Pass a cross-validation generator as `cv` argument to specify the shuffling behaviour instead.
  warnings.warn(
/Users/lionelweng/Documents/Citadel/Active/Kaggle S6E9/.venv/lib/python3.12/site-packages/sklearn/preprocessing/_target_encoder.py:341: FutureWarning: `TargetEncoder.shuffle` and `TargetEncoder.random_state` are deprecated in version 1.9 and will be removed in version 1.11. Pass a cross-validation generator as `cv` argument to specify the shuffling behaviour instead.
  warnings.warn(
/Users/lionelweng/Documents/Citadel/Active/Kaggle S6E9/.venv/lib/python3.12/site-packages/lightgbm/sklearn.py:1106: LGBMDeprecationWarning: The argument 'eval_set' is deprecated, use 'eval_X' and 'eval_y' instead.
  eval_set = _validate_eval_set_Xy(eval_set=eval_set, eval_X=eval_X, eval_y=eval_y)
  fold 4: trees 1748  174s
/Users/lionelweng/Documents/Citadel/Active/Kaggle S6E9/.venv/lib/python3.12/site-packages/sklearn/preprocessing/_target_encoder.py:341: FutureWarning: `TargetEncoder.shuffle` and `TargetEncoder.random_state` are deprecated in version 1.9 and will be removed in version 1.11. Pass a cross-validation generator as `cv` argument to specify the shuffling behaviour instead.
  warnings.warn(
/Users/lionelweng/Documents/Citadel/Active/Kaggle S6E9/.venv/lib/python3.12/site-packages/sklearn/preprocessing/_target_encoder.py:341: FutureWarning: `TargetEncoder.shuffle` and `TargetEncoder.random_state` are deprecated in version 1.9 and will be removed in version 1.11. Pass a cross-validation generator as `cv` argument to specify the shuffling behaviour instead.
  warnings.warn(
/Users/lionelweng/Documents/Citadel/Active/Kaggle S6E9/.venv/lib/python3.12/site-packages/sklearn/preprocessing/_target_encoder.py:341: FutureWarning: `TargetEncoder.shuffle` and `TargetEncoder.random_state` are deprecated in version 1.9 and will be removed in version 1.11. Pass a cross-validation generator as `cv` argument to specify the shuffling behaviour instead.
  warnings.warn(
/Users/lionelweng/Documents/Citadel/Active/Kaggle S6E9/.venv/lib/python3.12/site-packages/lightgbm/sklearn.py:1106: LGBMDeprecationWarning: The argument 'eval_set' is deprecated, use 'eval_X' and 'eval_y' instead.
  eval_set = _validate_eval_set_Xy(eval_set=eval_set, eval_X=eval_X, eval_y=eval_y)
  fold 5: trees 1110  205s
/Users/lionelweng/Documents/Citadel/Active/Kaggle S6E9/.venv/lib/python3.12/site-packages/sklearn/preprocessing/_target_encoder.py:341: FutureWarning: `TargetEncoder.shuffle` and `TargetEncoder.random_state` are deprecated in version 1.9 and will be removed in version 1.11. Pass a cross-validation generator as `cv` argument to specify the shuffling behaviour instead.
  warnings.warn(
/Users/lionelweng/Documents/Citadel/Active/Kaggle S6E9/.venv/lib/python3.12/site-packages/sklearn/preprocessing/_target_encoder.py:341: FutureWarning: `TargetEncoder.shuffle` and `TargetEncoder.random_state` are deprecated in version 1.9 and will be removed in version 1.11. Pass a cross-validation generator as `cv` argument to specify the shuffling behaviour instead.
  warnings.warn(
/Users/lionelweng/Documents/Citadel/Active/Kaggle S6E9/.venv/lib/python3.12/site-packages/sklearn/preprocessing/_target_encoder.py:341: FutureWarning: `TargetEncoder.shuffle` and `TargetEncoder.random_state` are deprecated in version 1.9 and will be removed in version 1.11. Pass a cross-validation generator as `cv` argument to specify the shuffling behaviour instead.
  warnings.warn(
/Users/lionelweng/Documents/Citadel/Active/Kaggle S6E9/.venv/lib/python3.12/site-packages/lightgbm/sklearn.py:1106: LGBMDeprecationWarning: The argument 'eval_set' is deprecated, use 'eval_X' and 'eval_y' instead.
  eval_set = _validate_eval_set_Xy(eval_set=eval_set, eval_X=eval_X, eval_y=eval_y)
  fold 6: trees 1081  236s
/Users/lionelweng/Documents/Citadel/Active/Kaggle S6E9/.venv/lib/python3.12/site-packages/sklearn/preprocessing/_target_encoder.py:341: FutureWarning: `TargetEncoder.shuffle` and `TargetEncoder.random_state` are deprecated in version 1.9 and will be removed in version 1.11. Pass a cross-validation generator as `cv` argument to specify the shuffling behaviour instead.
  warnings.warn(
/Users/lionelweng/Documents/Citadel/Active/Kaggle S6E9/.venv/lib/python3.12/site-packages/sklearn/preprocessing/_target_encoder.py:341: FutureWarning: `TargetEncoder.shuffle` and `TargetEncoder.random_state` are deprecated in version 1.9 and will be removed in version 1.11. Pass a cross-validation generator as `cv` argument to specify the shuffling behaviour instead.
  warnings.warn(
/Users/lionelweng/Documents/Citadel/Active/Kaggle S6E9/.venv/lib/python3.12/site-packages/sklearn/preprocessing/_target_encoder.py:341: FutureWarning: `TargetEncoder.shuffle` and `TargetEncoder.random_state` are deprecated in version 1.9 and will be removed in version 1.11. Pass a cross-validation generator as `cv` argument to specify the shuffling behaviour instead.
  warnings.warn(
/Users/lionelweng/Documents/Citadel/Active/Kaggle S6E9/.venv/lib/python3.12/site-packages/lightgbm/sklearn.py:1106: LGBMDeprecationWarning: The argument 'eval_set' is deprecated, use 'eval_X' and 'eval_y' instead.
  eval_set = _validate_eval_set_Xy(eval_set=eval_set, eval_X=eval_X, eval_y=eval_y)
  fold 7: trees 1256  269s
/Users/lionelweng/Documents/Citadel/Active/Kaggle S6E9/.venv/lib/python3.12/site-packages/sklearn/preprocessing/_target_encoder.py:341: FutureWarning: `TargetEncoder.shuffle` and `TargetEncoder.random_state` are deprecated in version 1.9 and will be removed in version 1.11. Pass a cross-validation generator as `cv` argument to specify the shuffling behaviour instead.
  warnings.warn(
/Users/lionelweng/Documents/Citadel/Active/Kaggle S6E9/.venv/lib/python3.12/site-packages/sklearn/preprocessing/_target_encoder.py:341: FutureWarning: `TargetEncoder.shuffle` and `TargetEncoder.random_state` are deprecated in version 1.9 and will be removed in version 1.11. Pass a cross-validation generator as `cv` argument to specify the shuffling behaviour instead.
  warnings.warn(
/Users/lionelweng/Documents/Citadel/Active/Kaggle S6E9/.venv/lib/python3.12/site-packages/sklearn/preprocessing/_target_encoder.py:341: FutureWarning: `TargetEncoder.shuffle` and `TargetEncoder.random_state` are deprecated in version 1.9 and will be removed in version 1.11. Pass a cross-validation generator as `cv` argument to specify the shuffling behaviour instead.
  warnings.warn(
/Users/lionelweng/Documents/Citadel/Active/Kaggle S6E9/.venv/lib/python3.12/site-packages/lightgbm/sklearn.py:1106: LGBMDeprecationWarning: The argument 'eval_set' is deprecated, use 'eval_X' and 'eval_y' instead.
  eval_set = _validate_eval_set_Xy(eval_set=eval_set, eval_X=eval_X, eval_y=eval_y)
  fold 8: trees 1123  300s
/Users/lionelweng/Documents/Citadel/Active/Kaggle S6E9/.venv/lib/python3.12/site-packages/sklearn/preprocessing/_target_encoder.py:341: FutureWarning: `TargetEncoder.shuffle` and `TargetEncoder.random_state` are deprecated in version 1.9 and will be removed in version 1.11. Pass a cross-validation generator as `cv` argument to specify the shuffling behaviour instead.
  warnings.warn(
/Users/lionelweng/Documents/Citadel/Active/Kaggle S6E9/.venv/lib/python3.12/site-packages/sklearn/preprocessing/_target_encoder.py:341: FutureWarning: `TargetEncoder.shuffle` and `TargetEncoder.random_state` are deprecated in version 1.9 and will be removed in version 1.11. Pass a cross-validation generator as `cv` argument to specify the shuffling behaviour instead.
  warnings.warn(
/Users/lionelweng/Documents/Citadel/Active/Kaggle S6E9/.venv/lib/python3.12/site-packages/sklearn/preprocessing/_target_encoder.py:341: FutureWarning: `TargetEncoder.shuffle` and `TargetEncoder.random_state` are deprecated in version 1.9 and will be removed in version 1.11. Pass a cross-validation generator as `cv` argument to specify the shuffling behaviour instead.
  warnings.warn(
/Users/lionelweng/Documents/Citadel/Active/Kaggle S6E9/.venv/lib/python3.12/site-packages/lightgbm/sklearn.py:1106: LGBMDeprecationWarning: The argument 'eval_set' is deprecated, use 'eval_X' and 'eval_y' instead.
  eval_set = _validate_eval_set_Xy(eval_set=eval_set, eval_X=eval_X, eval_y=eval_y)
  fold 9: trees 1405  335s
/Users/lionelweng/Documents/Citadel/Active/Kaggle S6E9/.venv/lib/python3.12/site-packages/sklearn/preprocessing/_target_encoder.py:341: FutureWarning: `TargetEncoder.shuffle` and `TargetEncoder.random_state` are deprecated in version 1.9 and will be removed in version 1.11. Pass a cross-validation generator as `cv` argument to specify the shuffling behaviour instead.
  warnings.warn(
/Users/lionelweng/Documents/Citadel/Active/Kaggle S6E9/.venv/lib/python3.12/site-packages/sklearn/preprocessing/_target_encoder.py:341: FutureWarning: `TargetEncoder.shuffle` and `TargetEncoder.random_state` are deprecated in version 1.9 and will be removed in version 1.11. Pass a cross-validation generator as `cv` argument to specify the shuffling behaviour instead.
  warnings.warn(
/Users/lionelweng/Documents/Citadel/Active/Kaggle S6E9/.venv/lib/python3.12/site-packages/sklearn/preprocessing/_target_encoder.py:341: FutureWarning: `TargetEncoder.shuffle` and `TargetEncoder.random_state` are deprecated in version 1.9 and will be removed in version 1.11. Pass a cross-validation generator as `cv` argument to specify the shuffling behaviour instead.
  warnings.warn(
/Users/lionelweng/Documents/Citadel/Active/Kaggle S6E9/.venv/lib/python3.12/site-packages/lightgbm/sklearn.py:1106: LGBMDeprecationWarning: The argument 'eval_set' is deprecated, use 'eval_X' and 'eval_y' instead.
  eval_set = _validate_eval_set_Xy(eval_set=eval_set, eval_X=eval_X, eval_y=eval_y)
  fold 10: trees 1335  370s
/Users/lionelweng/Documents/Citadel/Active/Kaggle S6E9/.venv/lib/python3.12/site-packages/sklearn/preprocessing/_target_encoder.py:341: FutureWarning: `TargetEncoder.shuffle` and `TargetEncoder.random_state` are deprecated in version 1.9 and will be removed in version 1.11. Pass a cross-validation generator as `cv` argument to specify the shuffling behaviour instead.
  warnings.warn(
/Users/lionelweng/Documents/Citadel/Active/Kaggle S6E9/.venv/lib/python3.12/site-packages/sklearn/preprocessing/_target_encoder.py:341: FutureWarning: `TargetEncoder.shuffle` and `TargetEncoder.random_state` are deprecated in version 1.9 and will be removed in version 1.11. Pass a cross-validation generator as `cv` argument to specify the shuffling behaviour instead.
  warnings.warn(
/Users/lionelweng/Documents/Citadel/Active/Kaggle S6E9/.venv/lib/python3.12/site-packages/sklearn/preprocessing/_target_encoder.py:341: FutureWarning: `TargetEncoder.shuffle` and `TargetEncoder.random_state` are deprecated in version 1.9 and will be removed in version 1.11. Pass a cross-validation generator as `cv` argument to specify the shuffling behaviour instead.
  warnings.warn(
/Users/lionelweng/Documents/Citadel/Active/Kaggle S6E9/.venv/lib/python3.12/site-packages/lightgbm/sklearn.py:1106: LGBMDeprecationWarning: The argument 'eval_set' is deprecated, use 'eval_X' and 'eval_y' instead.
  eval_set = _validate_eval_set_Xy(eval_set=eval_set, eval_X=eval_X, eval_y=eval_y)
  fold 11: trees 1617  407s
/Users/lionelweng/Documents/Citadel/Active/Kaggle S6E9/.venv/lib/python3.12/site-packages/sklearn/preprocessing/_target_encoder.py:341: FutureWarning: `TargetEncoder.shuffle` and `TargetEncoder.random_state` are deprecated in version 1.9 and will be removed in version 1.11. Pass a cross-validation generator as `cv` argument to specify the shuffling behaviour instead.
  warnings.warn(
/Users/lionelweng/Documents/Citadel/Active/Kaggle S6E9/.venv/lib/python3.12/site-packages/sklearn/preprocessing/_target_encoder.py:341: FutureWarning: `TargetEncoder.shuffle` and `TargetEncoder.random_state` are deprecated in version 1.9 and will be removed in version 1.11. Pass a cross-validation generator as `cv` argument to specify the shuffling behaviour instead.
  warnings.warn(
/Users/lionelweng/Documents/Citadel/Active/Kaggle S6E9/.venv/lib/python3.12/site-packages/sklearn/preprocessing/_target_encoder.py:341: FutureWarning: `TargetEncoder.shuffle` and `TargetEncoder.random_state` are deprecated in version 1.9 and will be removed in version 1.11. Pass a cross-validation generator as `cv` argument to specify the shuffling behaviour instead.
  warnings.warn(
/Users/lionelweng/Documents/Citadel/Active/Kaggle S6E9/.venv/lib/python3.12/site-packages/lightgbm/sklearn.py:1106: LGBMDeprecationWarning: The argument 'eval_set' is deprecated, use 'eval_X' and 'eval_y' instead.
  eval_set = _validate_eval_set_Xy(eval_set=eval_set, eval_X=eval_X, eval_y=eval_y)
  fold 12: trees 1110  438s
/Users/lionelweng/Documents/Citadel/Active/Kaggle S6E9/.venv/lib/python3.12/site-packages/sklearn/preprocessing/_target_encoder.py:341: FutureWarning: `TargetEncoder.shuffle` and `TargetEncoder.random_state` are deprecated in version 1.9 and will be removed in version 1.11. Pass a cross-validation generator as `cv` argument to specify the shuffling behaviour instead.
  warnings.warn(
/Users/lionelweng/Documents/Citadel/Active/Kaggle S6E9/.venv/lib/python3.12/site-packages/sklearn/preprocessing/_target_encoder.py:341: FutureWarning: `TargetEncoder.shuffle` and `TargetEncoder.random_state` are deprecated in version 1.9 and will be removed in version 1.11. Pass a cross-validation generator as `cv` argument to specify the shuffling behaviour instead.
  warnings.warn(
/Users/lionelweng/Documents/Citadel/Active/Kaggle S6E9/.venv/lib/python3.12/site-packages/sklearn/preprocessing/_target_encoder.py:341: FutureWarning: `TargetEncoder.shuffle` and `TargetEncoder.random_state` are deprecated in version 1.9 and will be removed in version 1.11. Pass a cross-validation generator as `cv` argument to specify the shuffling behaviour instead.
  warnings.warn(
/Users/lionelweng/Documents/Citadel/Active/Kaggle S6E9/.venv/lib/python3.12/site-packages/lightgbm/sklearn.py:1106: LGBMDeprecationWarning: The argument 'eval_set' is deprecated, use 'eval_X' and 'eval_y' instead.
  eval_set = _validate_eval_set_Xy(eval_set=eval_set, eval_X=eval_X, eval_y=eval_y)
  fold 13: trees 1799  479s
/Users/lionelweng/Documents/Citadel/Active/Kaggle S6E9/.venv/lib/python3.12/site-packages/sklearn/preprocessing/_target_encoder.py:341: FutureWarning: `TargetEncoder.shuffle` and `TargetEncoder.random_state` are deprecated in version 1.9 and will be removed in version 1.11. Pass a cross-validation generator as `cv` argument to specify the shuffling behaviour instead.
  warnings.warn(
/Users/lionelweng/Documents/Citadel/Active/Kaggle S6E9/.venv/lib/python3.12/site-packages/sklearn/preprocessing/_target_encoder.py:341: FutureWarning: `TargetEncoder.shuffle` and `TargetEncoder.random_state` are deprecated in version 1.9 and will be removed in version 1.11. Pass a cross-validation generator as `cv` argument to specify the shuffling behaviour instead.
  warnings.warn(
/Users/lionelweng/Documents/Citadel/Active/Kaggle S6E9/.venv/lib/python3.12/site-packages/sklearn/preprocessing/_target_encoder.py:341: FutureWarning: `TargetEncoder.shuffle` and `TargetEncoder.random_state` are deprecated in version 1.9 and will be removed in version 1.11. Pass a cross-validation generator as `cv` argument to specify the shuffling behaviour instead.
  warnings.warn(
/Users/lionelweng/Documents/Citadel/Active/Kaggle S6E9/.venv/lib/python3.12/site-packages/lightgbm/sklearn.py:1106: LGBMDeprecationWarning: The argument 'eval_set' is deprecated, use 'eval_X' and 'eval_y' instead.
  eval_set = _validate_eval_set_Xy(eval_set=eval_set, eval_X=eval_X, eval_y=eval_y)
  fold 14: trees 1427  515s
/Users/lionelweng/Documents/Citadel/Active/Kaggle S6E9/.venv/lib/python3.12/site-packages/sklearn/preprocessing/_target_encoder.py:341: FutureWarning: `TargetEncoder.shuffle` and `TargetEncoder.random_state` are deprecated in version 1.9 and will be removed in version 1.11. Pass a cross-validation generator as `cv` argument to specify the shuffling behaviour instead.
  warnings.warn(
/Users/lionelweng/Documents/Citadel/Active/Kaggle S6E9/.venv/lib/python3.12/site-packages/sklearn/preprocessing/_target_encoder.py:341: FutureWarning: `TargetEncoder.shuffle` and `TargetEncoder.random_state` are deprecated in version 1.9 and will be removed in version 1.11. Pass a cross-validation generator as `cv` argument to specify the shuffling behaviour instead.
  warnings.warn(
/Users/lionelweng/Documents/Citadel/Active/Kaggle S6E9/.venv/lib/python3.12/site-packages/sklearn/preprocessing/_target_encoder.py:341: FutureWarning: `TargetEncoder.shuffle` and `TargetEncoder.random_state` are deprecated in version 1.9 and will be removed in version 1.11. Pass a cross-validation generator as `cv` argument to specify the shuffling behaviour instead.
  warnings.warn(
/Users/lionelweng/Documents/Citadel/Active/Kaggle S6E9/.venv/lib/python3.12/site-packages/lightgbm/sklearn.py:1106: LGBMDeprecationWarning: The argument 'eval_set' is deprecated, use 'eval_X' and 'eval_y' instead.
  eval_set = _validate_eval_set_Xy(eval_set=eval_set, eval_X=eval_X, eval_y=eval_y)
  fold 15: trees 1492  553s
/Users/lionelweng/Documents/Citadel/Active/Kaggle S6E9/.venv/lib/python3.12/site-packages/sklearn/preprocessing/_target_encoder.py:341: FutureWarning: `TargetEncoder.shuffle` and `TargetEncoder.random_state` are deprecated in version 1.9 and will be removed in version 1.11. Pass a cross-validation generator as `cv` argument to specify the shuffling behaviour instead.
  warnings.warn(
/Users/lionelweng/Documents/Citadel/Active/Kaggle S6E9/.venv/lib/python3.12/site-packages/sklearn/preprocessing/_target_encoder.py:341: FutureWarning: `TargetEncoder.shuffle` and `TargetEncoder.random_state` are deprecated in version 1.9 and will be removed in version 1.11. Pass a cross-validation generator as `cv` argument to specify the shuffling behaviour instead.
  warnings.warn(
/Users/lionelweng/Documents/Citadel/Active/Kaggle S6E9/.venv/lib/python3.12/site-packages/sklearn/preprocessing/_target_encoder.py:341: FutureWarning: `TargetEncoder.shuffle` and `TargetEncoder.random_state` are deprecated in version 1.9 and will be removed in version 1.11. Pass a cross-validation generator as `cv` argument to specify the shuffling behaviour instead.
  warnings.warn(
/Users/lionelweng/Documents/Citadel/Active/Kaggle S6E9/.venv/lib/python3.12/site-packages/lightgbm/sklearn.py:1106: LGBMDeprecationWarning: The argument 'eval_set' is deprecated, use 'eval_X' and 'eval_y' instead.
  eval_set = _validate_eval_set_Xy(eval_set=eval_set, eval_X=eval_X, eval_y=eval_y)
  fold 16: trees 1329  588s
/Users/lionelweng/Documents/Citadel/Active/Kaggle S6E9/.venv/lib/python3.12/site-packages/sklearn/preprocessing/_target_encoder.py:341: FutureWarning: `TargetEncoder.shuffle` and `TargetEncoder.random_state` are deprecated in version 1.9 and will be removed in version 1.11. Pass a cross-validation generator as `cv` argument to specify the shuffling behaviour instead.
  warnings.warn(
/Users/lionelweng/Documents/Citadel/Active/Kaggle S6E9/.venv/lib/python3.12/site-packages/sklearn/preprocessing/_target_encoder.py:341: FutureWarning: `TargetEncoder.shuffle` and `TargetEncoder.random_state` are deprecated in version 1.9 and will be removed in version 1.11. Pass a cross-validation generator as `cv` argument to specify the shuffling behaviour instead.
  warnings.warn(
/Users/lionelweng/Documents/Citadel/Active/Kaggle S6E9/.venv/lib/python3.12/site-packages/sklearn/preprocessing/_target_encoder.py:341: FutureWarning: `TargetEncoder.shuffle` and `TargetEncoder.random_state` are deprecated in version 1.9 and will be removed in version 1.11. Pass a cross-validation generator as `cv` argument to specify the shuffling behaviour instead.
  warnings.warn(
/Users/lionelweng/Documents/Citadel/Active/Kaggle S6E9/.venv/lib/python3.12/site-packages/lightgbm/sklearn.py:1106: LGBMDeprecationWarning: The argument 'eval_set' is deprecated, use 'eval_X' and 'eval_y' instead.
  eval_set = _validate_eval_set_Xy(eval_set=eval_set, eval_X=eval_X, eval_y=eval_y)
  fold 17: trees 871  617s
/Users/lionelweng/Documents/Citadel/Active/Kaggle S6E9/.venv/lib/python3.12/site-packages/sklearn/preprocessing/_target_encoder.py:341: FutureWarning: `TargetEncoder.shuffle` and `TargetEncoder.random_state` are deprecated in version 1.9 and will be removed in version 1.11. Pass a cross-validation generator as `cv` argument to specify the shuffling behaviour instead.
  warnings.warn(
/Users/lionelweng/Documents/Citadel/Active/Kaggle S6E9/.venv/lib/python3.12/site-packages/sklearn/preprocessing/_target_encoder.py:341: FutureWarning: `TargetEncoder.shuffle` and `TargetEncoder.random_state` are deprecated in version 1.9 and will be removed in version 1.11. Pass a cross-validation generator as `cv` argument to specify the shuffling behaviour instead.
  warnings.warn(
/Users/lionelweng/Documents/Citadel/Active/Kaggle S6E9/.venv/lib/python3.12/site-packages/sklearn/preprocessing/_target_encoder.py:341: FutureWarning: `TargetEncoder.shuffle` and `TargetEncoder.random_state` are deprecated in version 1.9 and will be removed in version 1.11. Pass a cross-validation generator as `cv` argument to specify the shuffling behaviour instead.
  warnings.warn(
/Users/lionelweng/Documents/Citadel/Active/Kaggle S6E9/.venv/lib/python3.12/site-packages/lightgbm/sklearn.py:1106: LGBMDeprecationWarning: The argument 'eval_set' is deprecated, use 'eval_X' and 'eval_y' instead.
  eval_set = _validate_eval_set_Xy(eval_set=eval_set, eval_X=eval_X, eval_y=eval_y)
  fold 18: trees 825  644s
/Users/lionelweng/Documents/Citadel/Active/Kaggle S6E9/.venv/lib/python3.12/site-packages/sklearn/preprocessing/_target_encoder.py:341: FutureWarning: `TargetEncoder.shuffle` and `TargetEncoder.random_state` are deprecated in version 1.9 and will be removed in version 1.11. Pass a cross-validation generator as `cv` argument to specify the shuffling behaviour instead.
  warnings.warn(
/Users/lionelweng/Documents/Citadel/Active/Kaggle S6E9/.venv/lib/python3.12/site-packages/sklearn/preprocessing/_target_encoder.py:341: FutureWarning: `TargetEncoder.shuffle` and `TargetEncoder.random_state` are deprecated in version 1.9 and will be removed in version 1.11. Pass a cross-validation generator as `cv` argument to specify the shuffling behaviour instead.
  warnings.warn(
/Users/lionelweng/Documents/Citadel/Active/Kaggle S6E9/.venv/lib/python3.12/site-packages/sklearn/preprocessing/_target_encoder.py:341: FutureWarning: `TargetEncoder.shuffle` and `TargetEncoder.random_state` are deprecated in version 1.9 and will be removed in version 1.11. Pass a cross-validation generator as `cv` argument to specify the shuffling behaviour instead.
  warnings.warn(
/Users/lionelweng/Documents/Citadel/Active/Kaggle S6E9/.venv/lib/python3.12/site-packages/lightgbm/sklearn.py:1106: LGBMDeprecationWarning: The argument 'eval_set' is deprecated, use 'eval_X' and 'eval_y' instead.
  eval_set = _validate_eval_set_Xy(eval_set=eval_set, eval_X=eval_X, eval_y=eval_y)
  fold 19: trees 1441  681s
v37_agg_initinc100_k20_s7_ho HOLDOUT AUC of the fold average 0.946586  mean trees 1285
/Users/lionelweng/Documents/Citadel/Active/Kaggle S6E9/.venv/lib/python3.12/site-packages/sklearn/preprocessing/_target_encoder.py:341: FutureWarning: `TargetEncoder.shuffle` and `TargetEncoder.random_state` are deprecated in version 1.9 and will be removed in version 1.11. Pass a cross-validation generator as `cv` argument to specify the shuffling behaviour instead.
  warnings.warn(
/Users/lionelweng/Documents/Citadel/Active/Kaggle S6E9/.venv/lib/python3.12/site-packages/sklearn/preprocessing/_target_encoder.py:341: FutureWarning: `TargetEncoder.shuffle` and `TargetEncoder.random_state` are deprecated in version 1.9 and will be removed in version 1.11. Pass a cross-validation generator as `cv` argument to specify the shuffling behaviour instead.
  warnings.warn(
/Users/lionelweng/Documents/Citadel/Active/Kaggle S6E9/.venv/lib/python3.12/site-packages/sklearn/preprocessing/_target_encoder.py:341: FutureWarning: `TargetEncoder.shuffle` and `TargetEncoder.random_state` are deprecated in version 1.9 and will be removed in version 1.11. Pass a cross-validation generator as `cv` argument to specify the shuffling behaviour instead.
  warnings.warn(
  refit x1.0: alone 0.946591  50/50 rank mix 0.946606  707s
/Users/lionelweng/Documents/Citadel/Active/Kaggle S6E9/.venv/lib/python3.12/site-packages/sklearn/preprocessing/_target_encoder.py:341: FutureWarning: `TargetEncoder.shuffle` and `TargetEncoder.random_state` are deprecated in version 1.9 and will be removed in version 1.11. Pass a cross-validation generator as `cv` argument to specify the shuffling behaviour instead.
  warnings.warn(
/Users/lionelweng/Documents/Citadel/Active/Kaggle S6E9/.venv/lib/python3.12/site-packages/sklearn/preprocessing/_target_encoder.py:341: FutureWarning: `TargetEncoder.shuffle` and `TargetEncoder.random_state` are deprecated in version 1.9 and will be removed in version 1.11. Pass a cross-validation generator as `cv` argument to specify the shuffling behaviour instead.
  warnings.warn(
/Users/lionelweng/Documents/Citadel/Active/Kaggle S6E9/.venv/lib/python3.12/site-packages/sklearn/preprocessing/_target_encoder.py:341: FutureWarning: `TargetEncoder.shuffle` and `TargetEncoder.random_state` are deprecated in version 1.9 and will be removed in version 1.11. Pass a cross-validation generator as `cv` argument to specify the shuffling behaviour instead.
  warnings.warn(
  refit x1.25: alone 0.946603  50/50 rank mix 0.946617  738s
/Users/lionelweng/Documents/Citadel/Active/Kaggle S6E9/.venv/lib/python3.12/site-packages/sklearn/preprocessing/_target_encoder.py:341: FutureWarning: `TargetEncoder.shuffle` and `TargetEncoder.random_state` are deprecated in version 1.9 and will be removed in version 1.11. Pass a cross-validation generator as `cv` argument to specify the shuffling behaviour instead.
  warnings.warn(
/Users/lionelweng/Documents/Citadel/Active/Kaggle S6E9/.venv/lib/python3.12/site-packages/sklearn/preprocessing/_target_encoder.py:341: FutureWarning: `TargetEncoder.shuffle` and `TargetEncoder.random_state` are deprecated in version 1.9 and will be removed in version 1.11. Pass a cross-validation generator as `cv` argument to specify the shuffling behaviour instead.
  warnings.warn(
/Users/lionelweng/Documents/Citadel/Active/Kaggle S6E9/.venv/lib/python3.12/site-packages/sklearn/preprocessing/_target_encoder.py:341: FutureWarning: `TargetEncoder.shuffle` and `TargetEncoder.random_state` are deprecated in version 1.9 and will be removed in version 1.11. Pass a cross-validation generator as `cv` argument to specify the shuffling behaviour instead.
  warnings.warn(
  refit x1.5: alone 0.946608  50/50 rank mix 0.946626  772s
