v34_init_inc100_tok_k10_s7: v27 ref OOF 0.946219  features 68  init from k_inc100_teauto
/Users/lionelweng/Documents/Citadel/Active/Kaggle S6E9/.venv/lib/python3.12/site-packages/sklearn/preprocessing/_target_encoder.py:341: FutureWarning: `TargetEncoder.shuffle` and `TargetEncoder.random_state` are deprecated in version 1.9 and will be removed in version 1.11. Pass a cross-validation generator as `cv` argument to specify the shuffling behaviour instead.
  warnings.warn(
/Users/lionelweng/Documents/Citadel/Active/Kaggle S6E9/.venv/lib/python3.12/site-packages/sklearn/preprocessing/_target_encoder.py:341: FutureWarning: `TargetEncoder.shuffle` and `TargetEncoder.random_state` are deprecated in version 1.9 and will be removed in version 1.11. Pass a cross-validation generator as `cv` argument to specify the shuffling behaviour instead.
  warnings.warn(
/Users/lionelweng/Documents/Citadel/Active/Kaggle S6E9/.venv/lib/python3.12/site-packages/sklearn/preprocessing/_target_encoder.py:341: FutureWarning: `TargetEncoder.shuffle` and `TargetEncoder.random_state` are deprecated in version 1.9 and will be removed in version 1.11. Pass a cross-validation generator as `cv` argument to specify the shuffling behaviour instead.
  warnings.warn(
/Users/lionelweng/Documents/Citadel/Active/Kaggle S6E9/.venv/lib/python3.12/site-packages/lightgbm/sklearn.py:1106: LGBMDeprecationWarning: The argument 'eval_set' is deprecated, use 'eval_X' and 'eval_y' instead.
  eval_set = _validate_eval_set_Xy(eval_set=eval_set, eval_X=eval_X, eval_y=eval_y)
  fold 0: auc 0.946836  (init alone 0.703219)  trees 1740  98s
/Users/lionelweng/Documents/Citadel/Active/Kaggle S6E9/.venv/lib/python3.12/site-packages/sklearn/preprocessing/_target_encoder.py:341: FutureWarning: `TargetEncoder.shuffle` and `TargetEncoder.random_state` are deprecated in version 1.9 and will be removed in version 1.11. Pass a cross-validation generator as `cv` argument to specify the shuffling behaviour instead.
  warnings.warn(
/Users/lionelweng/Documents/Citadel/Active/Kaggle S6E9/.venv/lib/python3.12/site-packages/sklearn/preprocessing/_target_encoder.py:341: FutureWarning: `TargetEncoder.shuffle` and `TargetEncoder.random_state` are deprecated in version 1.9 and will be removed in version 1.11. Pass a cross-validation generator as `cv` argument to specify the shuffling behaviour instead.
  warnings.warn(
/Users/lionelweng/Documents/Citadel/Active/Kaggle S6E9/.venv/lib/python3.12/site-packages/sklearn/preprocessing/_target_encoder.py:341: FutureWarning: `TargetEncoder.shuffle` and `TargetEncoder.random_state` are deprecated in version 1.9 and will be removed in version 1.11. Pass a cross-validation generator as `cv` argument to specify the shuffling behaviour instead.
  warnings.warn(
/Users/lionelweng/Documents/Citadel/Active/Kaggle S6E9/.venv/lib/python3.12/site-packages/lightgbm/sklearn.py:1106: LGBMDeprecationWarning: The argument 'eval_set' is deprecated, use 'eval_X' and 'eval_y' instead.
  eval_set = _validate_eval_set_Xy(eval_set=eval_set, eval_X=eval_X, eval_y=eval_y)
  fold 1: auc 0.946476  (init alone 0.704719)  trees 1238  181s
/Users/lionelweng/Documents/Citadel/Active/Kaggle S6E9/.venv/lib/python3.12/site-packages/sklearn/preprocessing/_target_encoder.py:341: FutureWarning: `TargetEncoder.shuffle` and `TargetEncoder.random_state` are deprecated in version 1.9 and will be removed in version 1.11. Pass a cross-validation generator as `cv` argument to specify the shuffling behaviour instead.
  warnings.warn(
/Users/lionelweng/Documents/Citadel/Active/Kaggle S6E9/.venv/lib/python3.12/site-packages/sklearn/preprocessing/_target_encoder.py:341: FutureWarning: `TargetEncoder.shuffle` and `TargetEncoder.random_state` are deprecated in version 1.9 and will be removed in version 1.11. Pass a cross-validation generator as `cv` argument to specify the shuffling behaviour instead.
  warnings.warn(
/Users/lionelweng/Documents/Citadel/Active/Kaggle S6E9/.venv/lib/python3.12/site-packages/sklearn/preprocessing/_target_encoder.py:341: FutureWarning: `TargetEncoder.shuffle` and `TargetEncoder.random_state` are deprecated in version 1.9 and will be removed in version 1.11. Pass a cross-validation generator as `cv` argument to specify the shuffling behaviour instead.
  warnings.warn(
/Users/lionelweng/Documents/Citadel/Active/Kaggle S6E9/.venv/lib/python3.12/site-packages/lightgbm/sklearn.py:1106: LGBMDeprecationWarning: The argument 'eval_set' is deprecated, use 'eval_X' and 'eval_y' instead.
  eval_set = _validate_eval_set_Xy(eval_set=eval_set, eval_X=eval_X, eval_y=eval_y)
  fold 2: auc 0.946320  (init alone 0.703312)  trees 1462  254s
/Users/lionelweng/Documents/Citadel/Active/Kaggle S6E9/.venv/lib/python3.12/site-packages/sklearn/preprocessing/_target_encoder.py:341: FutureWarning: `TargetEncoder.shuffle` and `TargetEncoder.random_state` are deprecated in version 1.9 and will be removed in version 1.11. Pass a cross-validation generator as `cv` argument to specify the shuffling behaviour instead.
  warnings.warn(
/Users/lionelweng/Documents/Citadel/Active/Kaggle S6E9/.venv/lib/python3.12/site-packages/sklearn/preprocessing/_target_encoder.py:341: FutureWarning: `TargetEncoder.shuffle` and `TargetEncoder.random_state` are deprecated in version 1.9 and will be removed in version 1.11. Pass a cross-validation generator as `cv` argument to specify the shuffling behaviour instead.
  warnings.warn(
/Users/lionelweng/Documents/Citadel/Active/Kaggle S6E9/.venv/lib/python3.12/site-packages/sklearn/preprocessing/_target_encoder.py:341: FutureWarning: `TargetEncoder.shuffle` and `TargetEncoder.random_state` are deprecated in version 1.9 and will be removed in version 1.11. Pass a cross-validation generator as `cv` argument to specify the shuffling behaviour instead.
  warnings.warn(
/Users/lionelweng/Documents/Citadel/Active/Kaggle S6E9/.venv/lib/python3.12/site-packages/lightgbm/sklearn.py:1106: LGBMDeprecationWarning: The argument 'eval_set' is deprecated, use 'eval_X' and 'eval_y' instead.
  eval_set = _validate_eval_set_Xy(eval_set=eval_set, eval_X=eval_X, eval_y=eval_y)
  fold 3: auc 0.945170  (init alone 0.704717)  trees 1369  332s
/Users/lionelweng/Documents/Citadel/Active/Kaggle S6E9/.venv/lib/python3.12/site-packages/sklearn/preprocessing/_target_encoder.py:341: FutureWarning: `TargetEncoder.shuffle` and `TargetEncoder.random_state` are deprecated in version 1.9 and will be removed in version 1.11. Pass a cross-validation generator as `cv` argument to specify the shuffling behaviour instead.
  warnings.warn(
/Users/lionelweng/Documents/Citadel/Active/Kaggle S6E9/.venv/lib/python3.12/site-packages/sklearn/preprocessing/_target_encoder.py:341: FutureWarning: `TargetEncoder.shuffle` and `TargetEncoder.random_state` are deprecated in version 1.9 and will be removed in version 1.11. Pass a cross-validation generator as `cv` argument to specify the shuffling behaviour instead.
  warnings.warn(
/Users/lionelweng/Documents/Citadel/Active/Kaggle S6E9/.venv/lib/python3.12/site-packages/sklearn/preprocessing/_target_encoder.py:341: FutureWarning: `TargetEncoder.shuffle` and `TargetEncoder.random_state` are deprecated in version 1.9 and will be removed in version 1.11. Pass a cross-validation generator as `cv` argument to specify the shuffling behaviour instead.
  warnings.warn(
/Users/lionelweng/Documents/Citadel/Active/Kaggle S6E9/.venv/lib/python3.12/site-packages/lightgbm/sklearn.py:1106: LGBMDeprecationWarning: The argument 'eval_set' is deprecated, use 'eval_X' and 'eval_y' instead.
  eval_set = _validate_eval_set_Xy(eval_set=eval_set, eval_X=eval_X, eval_y=eval_y)
  fold 4: auc 0.946670  (init alone 0.708358)  trees 1309  412s
/Users/lionelweng/Documents/Citadel/Active/Kaggle S6E9/.venv/lib/python3.12/site-packages/sklearn/preprocessing/_target_encoder.py:341: FutureWarning: `TargetEncoder.shuffle` and `TargetEncoder.random_state` are deprecated in version 1.9 and will be removed in version 1.11. Pass a cross-validation generator as `cv` argument to specify the shuffling behaviour instead.
  warnings.warn(
/Users/lionelweng/Documents/Citadel/Active/Kaggle S6E9/.venv/lib/python3.12/site-packages/sklearn/preprocessing/_target_encoder.py:341: FutureWarning: `TargetEncoder.shuffle` and `TargetEncoder.random_state` are deprecated in version 1.9 and will be removed in version 1.11. Pass a cross-validation generator as `cv` argument to specify the shuffling behaviour instead.
  warnings.warn(
/Users/lionelweng/Documents/Citadel/Active/Kaggle S6E9/.venv/lib/python3.12/site-packages/sklearn/preprocessing/_target_encoder.py:341: FutureWarning: `TargetEncoder.shuffle` and `TargetEncoder.random_state` are deprecated in version 1.9 and will be removed in version 1.11. Pass a cross-validation generator as `cv` argument to specify the shuffling behaviour instead.
  warnings.warn(
/Users/lionelweng/Documents/Citadel/Active/Kaggle S6E9/.venv/lib/python3.12/site-packages/lightgbm/sklearn.py:1106: LGBMDeprecationWarning: The argument 'eval_set' is deprecated, use 'eval_X' and 'eval_y' instead.
  eval_set = _validate_eval_set_Xy(eval_set=eval_set, eval_X=eval_X, eval_y=eval_y)
  fold 5: auc 0.948343  (init alone 0.704963)  trees 1235  474s
/Users/lionelweng/Documents/Citadel/Active/Kaggle S6E9/.venv/lib/python3.12/site-packages/sklearn/preprocessing/_target_encoder.py:341: FutureWarning: `TargetEncoder.shuffle` and `TargetEncoder.random_state` are deprecated in version 1.9 and will be removed in version 1.11. Pass a cross-validation generator as `cv` argument to specify the shuffling behaviour instead.
  warnings.warn(
/Users/lionelweng/Documents/Citadel/Active/Kaggle S6E9/.venv/lib/python3.12/site-packages/sklearn/preprocessing/_target_encoder.py:341: FutureWarning: `TargetEncoder.shuffle` and `TargetEncoder.random_state` are deprecated in version 1.9 and will be removed in version 1.11. Pass a cross-validation generator as `cv` argument to specify the shuffling behaviour instead.
  warnings.warn(
/Users/lionelweng/Documents/Citadel/Active/Kaggle S6E9/.venv/lib/python3.12/site-packages/sklearn/preprocessing/_target_encoder.py:341: FutureWarning: `TargetEncoder.shuffle` and `TargetEncoder.random_state` are deprecated in version 1.9 and will be removed in version 1.11. Pass a cross-validation generator as `cv` argument to specify the shuffling behaviour instead.
  warnings.warn(
/Users/lionelweng/Documents/Citadel/Active/Kaggle S6E9/.venv/lib/python3.12/site-packages/lightgbm/sklearn.py:1106: LGBMDeprecationWarning: The argument 'eval_set' is deprecated, use 'eval_X' and 'eval_y' instead.
  eval_set = _validate_eval_set_Xy(eval_set=eval_set, eval_X=eval_X, eval_y=eval_y)
  fold 6: auc 0.945251  (init alone 0.703570)  trees 1093  543s
/Users/lionelweng/Documents/Citadel/Active/Kaggle S6E9/.venv/lib/python3.12/site-packages/sklearn/preprocessing/_target_encoder.py:341: FutureWarning: `TargetEncoder.shuffle` and `TargetEncoder.random_state` are deprecated in version 1.9 and will be removed in version 1.11. Pass a cross-validation generator as `cv` argument to specify the shuffling behaviour instead.
  warnings.warn(
/Users/lionelweng/Documents/Citadel/Active/Kaggle S6E9/.venv/lib/python3.12/site-packages/sklearn/preprocessing/_target_encoder.py:341: FutureWarning: `TargetEncoder.shuffle` and `TargetEncoder.random_state` are deprecated in version 1.9 and will be removed in version 1.11. Pass a cross-validation generator as `cv` argument to specify the shuffling behaviour instead.
  warnings.warn(
/Users/lionelweng/Documents/Citadel/Active/Kaggle S6E9/.venv/lib/python3.12/site-packages/sklearn/preprocessing/_target_encoder.py:341: FutureWarning: `TargetEncoder.shuffle` and `TargetEncoder.random_state` are deprecated in version 1.9 and will be removed in version 1.11. Pass a cross-validation generator as `cv` argument to specify the shuffling behaviour instead.
  warnings.warn(
/Users/lionelweng/Documents/Citadel/Active/Kaggle S6E9/.venv/lib/python3.12/site-packages/lightgbm/sklearn.py:1106: LGBMDeprecationWarning: The argument 'eval_set' is deprecated, use 'eval_X' and 'eval_y' instead.
  eval_set = _validate_eval_set_Xy(eval_set=eval_set, eval_X=eval_X, eval_y=eval_y)
  fold 7: auc 0.946660  (init alone 0.699876)  trees 1332  623s
/Users/lionelweng/Documents/Citadel/Active/Kaggle S6E9/.venv/lib/python3.12/site-packages/sklearn/preprocessing/_target_encoder.py:341: FutureWarning: `TargetEncoder.shuffle` and `TargetEncoder.random_state` are deprecated in version 1.9 and will be removed in version 1.11. Pass a cross-validation generator as `cv` argument to specify the shuffling behaviour instead.
  warnings.warn(
/Users/lionelweng/Documents/Citadel/Active/Kaggle S6E9/.venv/lib/python3.12/site-packages/sklearn/preprocessing/_target_encoder.py:341: FutureWarning: `TargetEncoder.shuffle` and `TargetEncoder.random_state` are deprecated in version 1.9 and will be removed in version 1.11. Pass a cross-validation generator as `cv` argument to specify the shuffling behaviour instead.
  warnings.warn(
/Users/lionelweng/Documents/Citadel/Active/Kaggle S6E9/.venv/lib/python3.12/site-packages/sklearn/preprocessing/_target_encoder.py:341: FutureWarning: `TargetEncoder.shuffle` and `TargetEncoder.random_state` are deprecated in version 1.9 and will be removed in version 1.11. Pass a cross-validation generator as `cv` argument to specify the shuffling behaviour instead.
  warnings.warn(
/Users/lionelweng/Documents/Citadel/Active/Kaggle S6E9/.venv/lib/python3.12/site-packages/lightgbm/sklearn.py:1106: LGBMDeprecationWarning: The argument 'eval_set' is deprecated, use 'eval_X' and 'eval_y' instead.
  eval_set = _validate_eval_set_Xy(eval_set=eval_set, eval_X=eval_X, eval_y=eval_y)
  fold 8: auc 0.946123  (init alone 0.703137)  trees 1616  710s
/Users/lionelweng/Documents/Citadel/Active/Kaggle S6E9/.venv/lib/python3.12/site-packages/sklearn/preprocessing/_target_encoder.py:341: FutureWarning: `TargetEncoder.shuffle` and `TargetEncoder.random_state` are deprecated in version 1.9 and will be removed in version 1.11. Pass a cross-validation generator as `cv` argument to specify the shuffling behaviour instead.
  warnings.warn(
/Users/lionelweng/Documents/Citadel/Active/Kaggle S6E9/.venv/lib/python3.12/site-packages/sklearn/preprocessing/_target_encoder.py:341: FutureWarning: `TargetEncoder.shuffle` and `TargetEncoder.random_state` are deprecated in version 1.9 and will be removed in version 1.11. Pass a cross-validation generator as `cv` argument to specify the shuffling behaviour instead.
  warnings.warn(
/Users/lionelweng/Documents/Citadel/Active/Kaggle S6E9/.venv/lib/python3.12/site-packages/sklearn/preprocessing/_target_encoder.py:341: FutureWarning: `TargetEncoder.shuffle` and `TargetEncoder.random_state` are deprecated in version 1.9 and will be removed in version 1.11. Pass a cross-validation generator as `cv` argument to specify the shuffling behaviour instead.
  warnings.warn(
/Users/lionelweng/Documents/Citadel/Active/Kaggle S6E9/.venv/lib/python3.12/site-packages/lightgbm/sklearn.py:1106: LGBMDeprecationWarning: The argument 'eval_set' is deprecated, use 'eval_X' and 'eval_y' instead.
  eval_set = _validate_eval_set_Xy(eval_set=eval_set, eval_X=eval_X, eval_y=eval_y)
  fold 9: auc 0.946679  (init alone 0.703227)  trees 1362  791s
v34_init_inc100_tok_k10_s7 OOF 0.946446  (fold-ranked 0.946453)  Δ vs v27 +0.000227  iters [1740, 1238, 1462, 1369, 1309, 1235, 1093, 1332, 1616, 1362]  791s
